Copyright 1986-2018 Xilinx, Inc. All Rights Reserved.
-------------------------------------------------------------------------------------------------------------------------------
| Tool Version     : Vivado v.2018.1 (win64) Build 2188600 Wed Apr  4 18:40:38 MDT 2018
| Date             : Tue Mar 21 22:11:35 2023
| Host             : LAPTOP-1KEUI2OI running 64-bit major release  (build 9200)
| Command          : report_power -file Top_power_routed.rpt -pb Top_power_summary_routed.pb -rpx Top_power_routed.rpx
| Design           : Top
| Device           : xc7a100tcsg324-3
| Design State     : routed
| Grade            : extended
| Process          : typical
| Characterization : Production
-------------------------------------------------------------------------------------------------------------------------------

Power Report

Table of Contents
-----------------
1. Summary
1.1 On-Chip Components
1.2 Power Supply Summary
1.3 Confidence Level
2. Settings
2.1 Environment
2.2 Clock Constraints
3. Detailed Reports
3.1 By Hierarchy

1. Summary
----------

+--------------------------+--------------+
| Total On-Chip Power (W)  | 0.210        |
| Design Power Budget (W)  | Unspecified* |
| Power Budget Margin (W)  | NA           |
| Dynamic (W)              | 0.112        |
| Device Static (W)        | 0.097        |
| Effective TJA (C/W)      | 4.6          |
| Max Ambient (C)          | 99.0         |
| Junction Temperature (C) | 26.0         |
| Confidence Level         | Low          |
| Setting File             | ---          |
| Simulation Activity File | ---          |
| Design Nets Matched      | NA           |
+--------------------------+--------------+
* Specify Design Power Budget using, set_operating_conditions -design_power_budget <value in Watts>


1.1 On-Chip Components
----------------------

+--------------------------+-----------+----------+-----------+-----------------+
| On-Chip                  | Power (W) | Used     | Available | Utilization (%) |
+--------------------------+-----------+----------+-----------+-----------------+
| Clocks                   |    <0.001 |        3 |       --- |             --- |
| Slice Logic              |     0.022 |    10122 |       --- |             --- |
|   LUT as Logic           |     0.012 |     3272 |     63400 |            5.16 |
|   LUT as Distributed RAM |     0.009 |     3072 |     19000 |           16.17 |
|   F7/F8 Muxes            |    <0.001 |      979 |     63400 |            1.54 |
|   Register               |    <0.001 |     2399 |    126800 |            1.89 |
|   CARRY4                 |    <0.001 |      104 |     15850 |            0.66 |
|   BUFG                   |    <0.001 |       11 |        32 |           34.38 |
|   Others                 |     0.000 |       34 |       --- |             --- |
| Signals                  |     0.044 |     7114 |       --- |             --- |
| Block RAM                |    <0.001 |        2 |       135 |            1.48 |
| I/O                      |     0.045 |       61 |       210 |           29.05 |
| Static Power             |     0.097 |          |           |                 |
| Total                    |     0.210 |          |           |                 |
+--------------------------+-----------+----------+-----------+-----------------+


1.2 Power Supply Summary
------------------------

+-----------+-------------+-----------+-------------+------------+
| Source    | Voltage (V) | Total (A) | Dynamic (A) | Static (A) |
+-----------+-------------+-----------+-------------+------------+
| Vccint    |       1.000 |     0.083 |       0.067 |      0.015 |
| Vccaux    |       1.800 |     0.020 |       0.002 |      0.018 |
| Vcco33    |       3.300 |     0.017 |       0.013 |      0.004 |
| Vcco25    |       2.500 |     0.000 |       0.000 |      0.000 |
| Vcco18    |       1.800 |     0.000 |       0.000 |      0.000 |
| Vcco15    |       1.500 |     0.000 |       0.000 |      0.000 |
| Vcco135   |       1.350 |     0.000 |       0.000 |      0.000 |
| Vcco12    |       1.200 |     0.000 |       0.000 |      0.000 |
| Vccaux_io |       1.800 |     0.000 |       0.000 |      0.000 |
| Vccbram   |       1.000 |     0.000 |       0.000 |      0.000 |
| MGTAVcc   |       1.000 |     0.000 |       0.000 |      0.000 |
| MGTAVtt   |       1.200 |     0.000 |       0.000 |      0.000 |
| Vccadc    |       1.800 |     0.020 |       0.000 |      0.020 |
+-----------+-------------+-----------+-------------+------------+


1.3 Confidence Level
--------------------

+-----------------------------+------------+--------------------------------------------------------+--------------------------------------------------------------------------------------------------------------------+
| User Input Data             | Confidence | Details                                                | Action                                                                                                             |
+-----------------------------+------------+--------------------------------------------------------+--------------------------------------------------------------------------------------------------------------------+
| Design implementation state | High       | Design is routed                                       |                                                                                                                    |
| Clock nodes activity        | Low        | User specified less than 75% of clocks                 | Provide missing clock activity with a constraint file, simulation results or by editing the "By Clock Domain" view |
| I/O nodes activity          | Low        | More than 75% of inputs are missing user specification | Provide missing input activity with simulation results or by editing the "By Resource Type -> I/Os" view           |
| Internal nodes activity     | Medium     | User specified less than 25% of internal nodes         | Provide missing internal nodes activity with simulation results or by editing the "By Resource Type" views         |
| Device models               | High       | Device models are Production                           |                                                                                                                    |
|                             |            |                                                        |                                                                                                                    |
| Overall confidence level    | Low        |                                                        |                                                                                                                    |
+-----------------------------+------------+--------------------------------------------------------+--------------------------------------------------------------------------------------------------------------------+


2. Settings
-----------

2.1 Environment
---------------

+-----------------------+--------------------------+
| Ambient Temp (C)      | 25.0                     |
| ThetaJA (C/W)         | 4.6                      |
| Airflow (LFM)         | 250                      |
| Heat Sink             | medium (Medium Profile)  |
| ThetaSA (C/W)         | 4.6                      |
| Board Selection       | medium (10"x10")         |
| # of Board Layers     | 12to15 (12 to 15 Layers) |
| Board Temperature (C) | 25.0                     |
+-----------------------+--------------------------+


2.2 Clock Constraints
---------------------

+-------+--------+-----------------+
| Clock | Domain | Constraint (ns) |
+-------+--------+-----------------+
| clk   | clk    |            10.0 |
+-------+--------+-----------------+


3. Detailed Reports
-------------------

3.1 By Hierarchy
----------------

+------------------------------------------------+-----------+
| Name                                           | Power (W) |
+------------------------------------------------+-----------+
| Top                                            |     0.112 |
|   chip_inst                                    |     0.062 |
|     cpu                                        |     0.061 |
|       EX_MEM_reg                               |     0.001 |
|       ID_EX_reg                                |     0.008 |
|       IF_ID_reg                                |     0.002 |
|       MEM_WB_reg                               |     0.006 |
|       branch_prediction_unit                   |     0.021 |
|         BHT_reg_0_127_0_0                      |    <0.001 |
|         BHT_reg_0_127_1_1                      |    <0.001 |
|         BHT_reg_1024_1151_0_0                  |    <0.001 |
|         BHT_reg_1024_1151_1_1                  |    <0.001 |
|         BHT_reg_1152_1279_0_0                  |    <0.001 |
|         BHT_reg_1152_1279_1_1                  |    <0.001 |
|         BHT_reg_1280_1407_0_0                  |    <0.001 |
|         BHT_reg_1280_1407_1_1                  |    <0.001 |
|         BHT_reg_128_255_0_0                    |    <0.001 |
|         BHT_reg_128_255_1_1                    |    <0.001 |
|         BHT_reg_1408_1535_0_0                  |    <0.001 |
|         BHT_reg_1408_1535_1_1                  |    <0.001 |
|         BHT_reg_1536_1663_0_0                  |    <0.001 |
|         BHT_reg_1536_1663_1_1                  |    <0.001 |
|         BHT_reg_1664_1791_0_0                  |    <0.001 |
|         BHT_reg_1664_1791_1_1                  |    <0.001 |
|         BHT_reg_1792_1919_0_0                  |    <0.001 |
|         BHT_reg_1792_1919_1_1                  |    <0.001 |
|         BHT_reg_1920_2047_0_0                  |    <0.001 |
|         BHT_reg_1920_2047_1_1                  |    <0.001 |
|         BHT_reg_2048_2175_0_0                  |    <0.001 |
|         BHT_reg_2048_2175_1_1                  |    <0.001 |
|         BHT_reg_2176_2303_0_0                  |    <0.001 |
|         BHT_reg_2176_2303_1_1                  |    <0.001 |
|         BHT_reg_2304_2431_0_0                  |    <0.001 |
|         BHT_reg_2304_2431_1_1                  |    <0.001 |
|         BHT_reg_2432_2559_0_0                  |    <0.001 |
|         BHT_reg_2432_2559_1_1                  |    <0.001 |
|         BHT_reg_2560_2687_0_0                  |    <0.001 |
|         BHT_reg_2560_2687_1_1                  |    <0.001 |
|         BHT_reg_256_383_0_0                    |    <0.001 |
|         BHT_reg_256_383_1_1                    |    <0.001 |
|         BHT_reg_2688_2815_0_0                  |    <0.001 |
|         BHT_reg_2688_2815_1_1                  |    <0.001 |
|         BHT_reg_2816_2943_0_0                  |    <0.001 |
|         BHT_reg_2816_2943_1_1                  |    <0.001 |
|         BHT_reg_2944_3071_0_0                  |    <0.001 |
|         BHT_reg_2944_3071_1_1                  |    <0.001 |
|         BHT_reg_3072_3199_0_0                  |    <0.001 |
|         BHT_reg_3072_3199_1_1                  |    <0.001 |
|         BHT_reg_3200_3327_0_0                  |    <0.001 |
|         BHT_reg_3200_3327_1_1                  |    <0.001 |
|         BHT_reg_3328_3455_0_0                  |    <0.001 |
|         BHT_reg_3328_3455_1_1                  |    <0.001 |
|         BHT_reg_3456_3583_0_0                  |    <0.001 |
|         BHT_reg_3456_3583_1_1                  |    <0.001 |
|         BHT_reg_3584_3711_0_0                  |    <0.001 |
|         BHT_reg_3584_3711_1_1                  |    <0.001 |
|         BHT_reg_3712_3839_0_0                  |    <0.001 |
|         BHT_reg_3712_3839_1_1                  |    <0.001 |
|         BHT_reg_3840_3967_0_0                  |    <0.001 |
|         BHT_reg_3840_3967_1_1                  |    <0.001 |
|         BHT_reg_384_511_0_0                    |    <0.001 |
|         BHT_reg_384_511_1_1                    |    <0.001 |
|         BHT_reg_3968_4095_0_0                  |    <0.001 |
|         BHT_reg_3968_4095_1_1                  |    <0.001 |
|         BHT_reg_512_639_0_0                    |    <0.001 |
|         BHT_reg_512_639_1_1                    |    <0.001 |
|         BHT_reg_640_767_0_0                    |    <0.001 |
|         BHT_reg_640_767_1_1                    |    <0.001 |
|         BHT_reg_768_895_0_0                    |    <0.001 |
|         BHT_reg_768_895_1_1                    |    <0.001 |
|         BHT_reg_896_1023_0_0                   |    <0.001 |
|         BHT_reg_896_1023_1_1                   |    <0.001 |
|         BTB_reg_0_63_0_2                       |    <0.001 |
|         BTB_reg_0_63_12_14                     |    <0.001 |
|         BTB_reg_0_63_15_17                     |    <0.001 |
|         BTB_reg_0_63_18_20                     |    <0.001 |
|         BTB_reg_0_63_21_23                     |    <0.001 |
|         BTB_reg_0_63_24_26                     |    <0.001 |
|         BTB_reg_0_63_27_29                     |    <0.001 |
|         BTB_reg_0_63_30_30                     |    <0.001 |
|         BTB_reg_0_63_31_31                     |    <0.001 |
|         BTB_reg_0_63_3_5                       |    <0.001 |
|         BTB_reg_0_63_6_8                       |    <0.001 |
|         BTB_reg_0_63_9_11                      |    <0.001 |
|         BTB_reg_1024_1087_0_2                  |    <0.001 |
|         BTB_reg_1024_1087_12_14                |    <0.001 |
|         BTB_reg_1024_1087_15_17                |    <0.001 |
|         BTB_reg_1024_1087_18_20                |    <0.001 |
|         BTB_reg_1024_1087_21_23                |    <0.001 |
|         BTB_reg_1024_1087_24_26                |    <0.001 |
|         BTB_reg_1024_1087_27_29                |    <0.001 |
|         BTB_reg_1024_1087_30_30                |    <0.001 |
|         BTB_reg_1024_1087_31_31                |    <0.001 |
|         BTB_reg_1024_1087_3_5                  |    <0.001 |
|         BTB_reg_1024_1087_6_8                  |    <0.001 |
|         BTB_reg_1024_1087_9_11                 |    <0.001 |
|         BTB_reg_1088_1151_0_2                  |    <0.001 |
|         BTB_reg_1088_1151_12_14                |    <0.001 |
|         BTB_reg_1088_1151_15_17                |    <0.001 |
|         BTB_reg_1088_1151_18_20                |    <0.001 |
|         BTB_reg_1088_1151_21_23                |    <0.001 |
|         BTB_reg_1088_1151_24_26                |    <0.001 |
|         BTB_reg_1088_1151_27_29                |    <0.001 |
|         BTB_reg_1088_1151_30_30                |    <0.001 |
|         BTB_reg_1088_1151_31_31                |    <0.001 |
|         BTB_reg_1088_1151_3_5                  |    <0.001 |
|         BTB_reg_1088_1151_6_8                  |    <0.001 |
|         BTB_reg_1088_1151_9_11                 |    <0.001 |
|         BTB_reg_1152_1215_0_2                  |    <0.001 |
|         BTB_reg_1152_1215_12_14                |    <0.001 |
|         BTB_reg_1152_1215_15_17                |    <0.001 |
|         BTB_reg_1152_1215_18_20                |    <0.001 |
|         BTB_reg_1152_1215_21_23                |    <0.001 |
|         BTB_reg_1152_1215_24_26                |    <0.001 |
|         BTB_reg_1152_1215_27_29                |    <0.001 |
|         BTB_reg_1152_1215_30_30                |    <0.001 |
|         BTB_reg_1152_1215_31_31                |    <0.001 |
|         BTB_reg_1152_1215_3_5                  |    <0.001 |
|         BTB_reg_1152_1215_6_8                  |    <0.001 |
|         BTB_reg_1152_1215_9_11                 |    <0.001 |
|         BTB_reg_1216_1279_0_2                  |    <0.001 |
|         BTB_reg_1216_1279_12_14                |    <0.001 |
|         BTB_reg_1216_1279_15_17                |    <0.001 |
|         BTB_reg_1216_1279_18_20                |    <0.001 |
|         BTB_reg_1216_1279_21_23                |    <0.001 |
|         BTB_reg_1216_1279_24_26                |    <0.001 |
|         BTB_reg_1216_1279_27_29                |    <0.001 |
|         BTB_reg_1216_1279_30_30                |    <0.001 |
|         BTB_reg_1216_1279_31_31                |    <0.001 |
|         BTB_reg_1216_1279_3_5                  |    <0.001 |
|         BTB_reg_1216_1279_6_8                  |    <0.001 |
|         BTB_reg_1216_1279_9_11                 |    <0.001 |
|         BTB_reg_1280_1343_0_2                  |    <0.001 |
|         BTB_reg_1280_1343_12_14                |    <0.001 |
|         BTB_reg_1280_1343_15_17                |    <0.001 |
|         BTB_reg_1280_1343_18_20                |    <0.001 |
|         BTB_reg_1280_1343_21_23                |    <0.001 |
|         BTB_reg_1280_1343_24_26                |    <0.001 |
|         BTB_reg_1280_1343_27_29                |    <0.001 |
|         BTB_reg_1280_1343_30_30                |    <0.001 |
|         BTB_reg_1280_1343_31_31                |    <0.001 |
|         BTB_reg_1280_1343_3_5                  |    <0.001 |
|         BTB_reg_1280_1343_6_8                  |    <0.001 |
|         BTB_reg_1280_1343_9_11                 |    <0.001 |
|         BTB_reg_128_191_0_2                    |    <0.001 |
|         BTB_reg_128_191_12_14                  |    <0.001 |
|         BTB_reg_128_191_15_17                  |    <0.001 |
|         BTB_reg_128_191_18_20                  |    <0.001 |
|         BTB_reg_128_191_21_23                  |    <0.001 |
|         BTB_reg_128_191_24_26                  |    <0.001 |
|         BTB_reg_128_191_27_29                  |    <0.001 |
|         BTB_reg_128_191_30_30                  |    <0.001 |
|         BTB_reg_128_191_31_31                  |    <0.001 |
|         BTB_reg_128_191_3_5                    |    <0.001 |
|         BTB_reg_128_191_6_8                    |    <0.001 |
|         BTB_reg_128_191_9_11                   |    <0.001 |
|         BTB_reg_1344_1407_0_2                  |    <0.001 |
|         BTB_reg_1344_1407_12_14                |    <0.001 |
|         BTB_reg_1344_1407_15_17                |    <0.001 |
|         BTB_reg_1344_1407_18_20                |    <0.001 |
|         BTB_reg_1344_1407_21_23                |    <0.001 |
|         BTB_reg_1344_1407_24_26                |    <0.001 |
|         BTB_reg_1344_1407_27_29                |    <0.001 |
|         BTB_reg_1344_1407_30_30                |    <0.001 |
|         BTB_reg_1344_1407_31_31                |    <0.001 |
|         BTB_reg_1344_1407_3_5                  |    <0.001 |
|         BTB_reg_1344_1407_6_8                  |    <0.001 |
|         BTB_reg_1344_1407_9_11                 |    <0.001 |
|         BTB_reg_1408_1471_0_2                  |    <0.001 |
|         BTB_reg_1408_1471_12_14                |    <0.001 |
|         BTB_reg_1408_1471_15_17                |    <0.001 |
|         BTB_reg_1408_1471_18_20                |    <0.001 |
|         BTB_reg_1408_1471_21_23                |    <0.001 |
|         BTB_reg_1408_1471_24_26                |    <0.001 |
|         BTB_reg_1408_1471_27_29                |    <0.001 |
|         BTB_reg_1408_1471_30_30                |    <0.001 |
|         BTB_reg_1408_1471_31_31                |    <0.001 |
|         BTB_reg_1408_1471_3_5                  |    <0.001 |
|         BTB_reg_1408_1471_6_8                  |    <0.001 |
|         BTB_reg_1408_1471_9_11                 |    <0.001 |
|         BTB_reg_1472_1535_0_2                  |    <0.001 |
|         BTB_reg_1472_1535_12_14                |    <0.001 |
|         BTB_reg_1472_1535_15_17                |    <0.001 |
|         BTB_reg_1472_1535_18_20                |    <0.001 |
|         BTB_reg_1472_1535_21_23                |    <0.001 |
|         BTB_reg_1472_1535_24_26                |    <0.001 |
|         BTB_reg_1472_1535_27_29                |    <0.001 |
|         BTB_reg_1472_1535_30_30                |    <0.001 |
|         BTB_reg_1472_1535_31_31                |    <0.001 |
|         BTB_reg_1472_1535_3_5                  |    <0.001 |
|         BTB_reg_1472_1535_6_8                  |    <0.001 |
|         BTB_reg_1472_1535_9_11                 |    <0.001 |
|         BTB_reg_1536_1599_0_2                  |    <0.001 |
|         BTB_reg_1536_1599_12_14                |    <0.001 |
|         BTB_reg_1536_1599_15_17                |    <0.001 |
|         BTB_reg_1536_1599_18_20                |    <0.001 |
|         BTB_reg_1536_1599_21_23                |    <0.001 |
|         BTB_reg_1536_1599_24_26                |    <0.001 |
|         BTB_reg_1536_1599_27_29                |    <0.001 |
|         BTB_reg_1536_1599_30_30                |    <0.001 |
|         BTB_reg_1536_1599_31_31                |    <0.001 |
|         BTB_reg_1536_1599_3_5                  |    <0.001 |
|         BTB_reg_1536_1599_6_8                  |    <0.001 |
|         BTB_reg_1536_1599_9_11                 |    <0.001 |
|         BTB_reg_1600_1663_0_2                  |    <0.001 |
|         BTB_reg_1600_1663_12_14                |    <0.001 |
|         BTB_reg_1600_1663_15_17                |    <0.001 |
|         BTB_reg_1600_1663_18_20                |    <0.001 |
|         BTB_reg_1600_1663_21_23                |    <0.001 |
|         BTB_reg_1600_1663_24_26                |    <0.001 |
|         BTB_reg_1600_1663_27_29                |    <0.001 |
|         BTB_reg_1600_1663_30_30                |    <0.001 |
|         BTB_reg_1600_1663_31_31                |    <0.001 |
|         BTB_reg_1600_1663_3_5                  |    <0.001 |
|         BTB_reg_1600_1663_6_8                  |    <0.001 |
|         BTB_reg_1600_1663_9_11                 |    <0.001 |
|         BTB_reg_1664_1727_0_2                  |    <0.001 |
|         BTB_reg_1664_1727_12_14                |    <0.001 |
|         BTB_reg_1664_1727_15_17                |    <0.001 |
|         BTB_reg_1664_1727_18_20                |    <0.001 |
|         BTB_reg_1664_1727_21_23                |    <0.001 |
|         BTB_reg_1664_1727_24_26                |    <0.001 |
|         BTB_reg_1664_1727_27_29                |    <0.001 |
|         BTB_reg_1664_1727_30_30                |    <0.001 |
|         BTB_reg_1664_1727_31_31                |    <0.001 |
|         BTB_reg_1664_1727_3_5                  |    <0.001 |
|         BTB_reg_1664_1727_6_8                  |    <0.001 |
|         BTB_reg_1664_1727_9_11                 |    <0.001 |
|         BTB_reg_1728_1791_0_2                  |    <0.001 |
|         BTB_reg_1728_1791_12_14                |    <0.001 |
|         BTB_reg_1728_1791_15_17                |    <0.001 |
|         BTB_reg_1728_1791_18_20                |    <0.001 |
|         BTB_reg_1728_1791_21_23                |    <0.001 |
|         BTB_reg_1728_1791_24_26                |    <0.001 |
|         BTB_reg_1728_1791_27_29                |    <0.001 |
|         BTB_reg_1728_1791_30_30                |    <0.001 |
|         BTB_reg_1728_1791_31_31                |    <0.001 |
|         BTB_reg_1728_1791_3_5                  |    <0.001 |
|         BTB_reg_1728_1791_6_8                  |    <0.001 |
|         BTB_reg_1728_1791_9_11                 |    <0.001 |
|         BTB_reg_1792_1855_0_2                  |    <0.001 |
|         BTB_reg_1792_1855_12_14                |    <0.001 |
|         BTB_reg_1792_1855_15_17                |    <0.001 |
|         BTB_reg_1792_1855_18_20                |    <0.001 |
|         BTB_reg_1792_1855_21_23                |    <0.001 |
|         BTB_reg_1792_1855_24_26                |    <0.001 |
|         BTB_reg_1792_1855_27_29                |    <0.001 |
|         BTB_reg_1792_1855_30_30                |    <0.001 |
|         BTB_reg_1792_1855_31_31                |    <0.001 |
|         BTB_reg_1792_1855_3_5                  |    <0.001 |
|         BTB_reg_1792_1855_6_8                  |    <0.001 |
|         BTB_reg_1792_1855_9_11                 |    <0.001 |
|         BTB_reg_1856_1919_0_2                  |    <0.001 |
|         BTB_reg_1856_1919_12_14                |    <0.001 |
|         BTB_reg_1856_1919_15_17                |    <0.001 |
|         BTB_reg_1856_1919_18_20                |    <0.001 |
|         BTB_reg_1856_1919_21_23                |    <0.001 |
|         BTB_reg_1856_1919_24_26                |    <0.001 |
|         BTB_reg_1856_1919_27_29                |    <0.001 |
|         BTB_reg_1856_1919_30_30                |    <0.001 |
|         BTB_reg_1856_1919_31_31                |    <0.001 |
|         BTB_reg_1856_1919_3_5                  |    <0.001 |
|         BTB_reg_1856_1919_6_8                  |    <0.001 |
|         BTB_reg_1856_1919_9_11                 |    <0.001 |
|         BTB_reg_1920_1983_0_2                  |    <0.001 |
|         BTB_reg_1920_1983_12_14                |    <0.001 |
|         BTB_reg_1920_1983_15_17                |    <0.001 |
|         BTB_reg_1920_1983_18_20                |    <0.001 |
|         BTB_reg_1920_1983_21_23                |    <0.001 |
|         BTB_reg_1920_1983_24_26                |    <0.001 |
|         BTB_reg_1920_1983_27_29                |    <0.001 |
|         BTB_reg_1920_1983_30_30                |    <0.001 |
|         BTB_reg_1920_1983_31_31                |    <0.001 |
|         BTB_reg_1920_1983_3_5                  |    <0.001 |
|         BTB_reg_1920_1983_6_8                  |    <0.001 |
|         BTB_reg_1920_1983_9_11                 |    <0.001 |
|         BTB_reg_192_255_0_2                    |    <0.001 |
|         BTB_reg_192_255_12_14                  |    <0.001 |
|         BTB_reg_192_255_15_17                  |    <0.001 |
|         BTB_reg_192_255_18_20                  |    <0.001 |
|         BTB_reg_192_255_21_23                  |    <0.001 |
|         BTB_reg_192_255_24_26                  |    <0.001 |
|         BTB_reg_192_255_27_29                  |    <0.001 |
|         BTB_reg_192_255_30_30                  |    <0.001 |
|         BTB_reg_192_255_31_31                  |    <0.001 |
|         BTB_reg_192_255_3_5                    |    <0.001 |
|         BTB_reg_192_255_6_8                    |    <0.001 |
|         BTB_reg_192_255_9_11                   |    <0.001 |
|         BTB_reg_1984_2047_0_2                  |    <0.001 |
|         BTB_reg_1984_2047_12_14                |    <0.001 |
|         BTB_reg_1984_2047_15_17                |    <0.001 |
|         BTB_reg_1984_2047_18_20                |    <0.001 |
|         BTB_reg_1984_2047_21_23                |    <0.001 |
|         BTB_reg_1984_2047_24_26                |    <0.001 |
|         BTB_reg_1984_2047_27_29                |    <0.001 |
|         BTB_reg_1984_2047_30_30                |    <0.001 |
|         BTB_reg_1984_2047_31_31                |    <0.001 |
|         BTB_reg_1984_2047_3_5                  |    <0.001 |
|         BTB_reg_1984_2047_6_8                  |    <0.001 |
|         BTB_reg_1984_2047_9_11                 |    <0.001 |
|         BTB_reg_2048_2111_0_2                  |    <0.001 |
|         BTB_reg_2048_2111_12_14                |    <0.001 |
|         BTB_reg_2048_2111_15_17                |    <0.001 |
|         BTB_reg_2048_2111_18_20                |    <0.001 |
|         BTB_reg_2048_2111_21_23                |    <0.001 |
|         BTB_reg_2048_2111_24_26                |    <0.001 |
|         BTB_reg_2048_2111_27_29                |    <0.001 |
|         BTB_reg_2048_2111_30_30                |    <0.001 |
|         BTB_reg_2048_2111_31_31                |    <0.001 |
|         BTB_reg_2048_2111_3_5                  |    <0.001 |
|         BTB_reg_2048_2111_6_8                  |    <0.001 |
|         BTB_reg_2048_2111_9_11                 |    <0.001 |
|         BTB_reg_2112_2175_0_2                  |    <0.001 |
|         BTB_reg_2112_2175_12_14                |    <0.001 |
|         BTB_reg_2112_2175_15_17                |    <0.001 |
|         BTB_reg_2112_2175_18_20                |    <0.001 |
|         BTB_reg_2112_2175_21_23                |    <0.001 |
|         BTB_reg_2112_2175_24_26                |    <0.001 |
|         BTB_reg_2112_2175_27_29                |    <0.001 |
|         BTB_reg_2112_2175_30_30                |    <0.001 |
|         BTB_reg_2112_2175_31_31                |    <0.001 |
|         BTB_reg_2112_2175_3_5                  |    <0.001 |
|         BTB_reg_2112_2175_6_8                  |    <0.001 |
|         BTB_reg_2112_2175_9_11                 |    <0.001 |
|         BTB_reg_2176_2239_0_2                  |    <0.001 |
|         BTB_reg_2176_2239_12_14                |    <0.001 |
|         BTB_reg_2176_2239_15_17                |    <0.001 |
|         BTB_reg_2176_2239_18_20                |    <0.001 |
|         BTB_reg_2176_2239_21_23                |    <0.001 |
|         BTB_reg_2176_2239_24_26                |    <0.001 |
|         BTB_reg_2176_2239_27_29                |    <0.001 |
|         BTB_reg_2176_2239_30_30                |    <0.001 |
|         BTB_reg_2176_2239_31_31                |    <0.001 |
|         BTB_reg_2176_2239_3_5                  |    <0.001 |
|         BTB_reg_2176_2239_6_8                  |    <0.001 |
|         BTB_reg_2176_2239_9_11                 |    <0.001 |
|         BTB_reg_2240_2303_0_2                  |    <0.001 |
|         BTB_reg_2240_2303_12_14                |    <0.001 |
|         BTB_reg_2240_2303_15_17                |    <0.001 |
|         BTB_reg_2240_2303_18_20                |    <0.001 |
|         BTB_reg_2240_2303_21_23                |    <0.001 |
|         BTB_reg_2240_2303_24_26                |    <0.001 |
|         BTB_reg_2240_2303_27_29                |    <0.001 |
|         BTB_reg_2240_2303_30_30                |    <0.001 |
|         BTB_reg_2240_2303_31_31                |    <0.001 |
|         BTB_reg_2240_2303_3_5                  |    <0.001 |
|         BTB_reg_2240_2303_6_8                  |    <0.001 |
|         BTB_reg_2240_2303_9_11                 |    <0.001 |
|         BTB_reg_2304_2367_0_2                  |    <0.001 |
|         BTB_reg_2304_2367_12_14                |    <0.001 |
|         BTB_reg_2304_2367_15_17                |    <0.001 |
|         BTB_reg_2304_2367_18_20                |    <0.001 |
|         BTB_reg_2304_2367_21_23                |    <0.001 |
|         BTB_reg_2304_2367_24_26                |    <0.001 |
|         BTB_reg_2304_2367_27_29                |    <0.001 |
|         BTB_reg_2304_2367_30_30                |    <0.001 |
|         BTB_reg_2304_2367_31_31                |    <0.001 |
|         BTB_reg_2304_2367_3_5                  |    <0.001 |
|         BTB_reg_2304_2367_6_8                  |    <0.001 |
|         BTB_reg_2304_2367_9_11                 |    <0.001 |
|         BTB_reg_2368_2431_0_2                  |    <0.001 |
|         BTB_reg_2368_2431_12_14                |    <0.001 |
|         BTB_reg_2368_2431_15_17                |    <0.001 |
|         BTB_reg_2368_2431_18_20                |    <0.001 |
|         BTB_reg_2368_2431_21_23                |    <0.001 |
|         BTB_reg_2368_2431_24_26                |    <0.001 |
|         BTB_reg_2368_2431_27_29                |    <0.001 |
|         BTB_reg_2368_2431_30_30                |    <0.001 |
|         BTB_reg_2368_2431_31_31                |    <0.001 |
|         BTB_reg_2368_2431_3_5                  |    <0.001 |
|         BTB_reg_2368_2431_6_8                  |    <0.001 |
|         BTB_reg_2368_2431_9_11                 |    <0.001 |
|         BTB_reg_2432_2495_0_2                  |    <0.001 |
|         BTB_reg_2432_2495_12_14                |    <0.001 |
|         BTB_reg_2432_2495_15_17                |    <0.001 |
|         BTB_reg_2432_2495_18_20                |    <0.001 |
|         BTB_reg_2432_2495_21_23                |    <0.001 |
|         BTB_reg_2432_2495_24_26                |    <0.001 |
|         BTB_reg_2432_2495_27_29                |    <0.001 |
|         BTB_reg_2432_2495_30_30                |    <0.001 |
|         BTB_reg_2432_2495_31_31                |    <0.001 |
|         BTB_reg_2432_2495_3_5                  |    <0.001 |
|         BTB_reg_2432_2495_6_8                  |    <0.001 |
|         BTB_reg_2432_2495_9_11                 |    <0.001 |
|         BTB_reg_2496_2559_0_2                  |    <0.001 |
|         BTB_reg_2496_2559_12_14                |    <0.001 |
|         BTB_reg_2496_2559_15_17                |    <0.001 |
|         BTB_reg_2496_2559_18_20                |    <0.001 |
|         BTB_reg_2496_2559_21_23                |    <0.001 |
|         BTB_reg_2496_2559_24_26                |    <0.001 |
|         BTB_reg_2496_2559_27_29                |    <0.001 |
|         BTB_reg_2496_2559_30_30                |    <0.001 |
|         BTB_reg_2496_2559_31_31                |    <0.001 |
|         BTB_reg_2496_2559_3_5                  |    <0.001 |
|         BTB_reg_2496_2559_6_8                  |    <0.001 |
|         BTB_reg_2496_2559_9_11                 |    <0.001 |
|         BTB_reg_2560_2623_0_2                  |    <0.001 |
|         BTB_reg_2560_2623_12_14                |    <0.001 |
|         BTB_reg_2560_2623_15_17                |    <0.001 |
|         BTB_reg_2560_2623_18_20                |    <0.001 |
|         BTB_reg_2560_2623_21_23                |    <0.001 |
|         BTB_reg_2560_2623_24_26                |    <0.001 |
|         BTB_reg_2560_2623_27_29                |    <0.001 |
|         BTB_reg_2560_2623_30_30                |    <0.001 |
|         BTB_reg_2560_2623_31_31                |    <0.001 |
|         BTB_reg_2560_2623_3_5                  |    <0.001 |
|         BTB_reg_2560_2623_6_8                  |    <0.001 |
|         BTB_reg_2560_2623_9_11                 |    <0.001 |
|         BTB_reg_256_319_0_2                    |    <0.001 |
|         BTB_reg_256_319_12_14                  |    <0.001 |
|         BTB_reg_256_319_15_17                  |    <0.001 |
|         BTB_reg_256_319_18_20                  |    <0.001 |
|         BTB_reg_256_319_21_23                  |    <0.001 |
|         BTB_reg_256_319_24_26                  |    <0.001 |
|         BTB_reg_256_319_27_29                  |    <0.001 |
|         BTB_reg_256_319_30_30                  |    <0.001 |
|         BTB_reg_256_319_31_31                  |    <0.001 |
|         BTB_reg_256_319_3_5                    |    <0.001 |
|         BTB_reg_256_319_6_8                    |    <0.001 |
|         BTB_reg_256_319_9_11                   |    <0.001 |
|         BTB_reg_2624_2687_0_2                  |    <0.001 |
|         BTB_reg_2624_2687_12_14                |    <0.001 |
|         BTB_reg_2624_2687_15_17                |    <0.001 |
|         BTB_reg_2624_2687_18_20                |    <0.001 |
|         BTB_reg_2624_2687_21_23                |    <0.001 |
|         BTB_reg_2624_2687_24_26                |    <0.001 |
|         BTB_reg_2624_2687_27_29                |    <0.001 |
|         BTB_reg_2624_2687_30_30                |    <0.001 |
|         BTB_reg_2624_2687_31_31                |    <0.001 |
|         BTB_reg_2624_2687_3_5                  |    <0.001 |
|         BTB_reg_2624_2687_6_8                  |    <0.001 |
|         BTB_reg_2624_2687_9_11                 |    <0.001 |
|         BTB_reg_2688_2751_0_2                  |    <0.001 |
|         BTB_reg_2688_2751_12_14                |    <0.001 |
|         BTB_reg_2688_2751_15_17                |    <0.001 |
|         BTB_reg_2688_2751_18_20                |    <0.001 |
|         BTB_reg_2688_2751_21_23                |    <0.001 |
|         BTB_reg_2688_2751_24_26                |    <0.001 |
|         BTB_reg_2688_2751_27_29                |    <0.001 |
|         BTB_reg_2688_2751_30_30                |    <0.001 |
|         BTB_reg_2688_2751_31_31                |    <0.001 |
|         BTB_reg_2688_2751_3_5                  |    <0.001 |
|         BTB_reg_2688_2751_6_8                  |    <0.001 |
|         BTB_reg_2688_2751_9_11                 |    <0.001 |
|         BTB_reg_2752_2815_0_2                  |    <0.001 |
|         BTB_reg_2752_2815_12_14                |    <0.001 |
|         BTB_reg_2752_2815_15_17                |    <0.001 |
|         BTB_reg_2752_2815_18_20                |    <0.001 |
|         BTB_reg_2752_2815_21_23                |    <0.001 |
|         BTB_reg_2752_2815_24_26                |    <0.001 |
|         BTB_reg_2752_2815_27_29                |    <0.001 |
|         BTB_reg_2752_2815_30_30                |    <0.001 |
|         BTB_reg_2752_2815_31_31                |    <0.001 |
|         BTB_reg_2752_2815_3_5                  |    <0.001 |
|         BTB_reg_2752_2815_6_8                  |    <0.001 |
|         BTB_reg_2752_2815_9_11                 |    <0.001 |
|         BTB_reg_2816_2879_0_2                  |    <0.001 |
|         BTB_reg_2816_2879_12_14                |    <0.001 |
|         BTB_reg_2816_2879_15_17                |    <0.001 |
|         BTB_reg_2816_2879_18_20                |    <0.001 |
|         BTB_reg_2816_2879_21_23                |    <0.001 |
|         BTB_reg_2816_2879_24_26                |    <0.001 |
|         BTB_reg_2816_2879_27_29                |    <0.001 |
|         BTB_reg_2816_2879_30_30                |    <0.001 |
|         BTB_reg_2816_2879_31_31                |    <0.001 |
|         BTB_reg_2816_2879_3_5                  |    <0.001 |
|         BTB_reg_2816_2879_6_8                  |    <0.001 |
|         BTB_reg_2816_2879_9_11                 |    <0.001 |
|         BTB_reg_2880_2943_0_2                  |    <0.001 |
|         BTB_reg_2880_2943_12_14                |    <0.001 |
|         BTB_reg_2880_2943_15_17                |    <0.001 |
|         BTB_reg_2880_2943_18_20                |    <0.001 |
|         BTB_reg_2880_2943_21_23                |    <0.001 |
|         BTB_reg_2880_2943_24_26                |    <0.001 |
|         BTB_reg_2880_2943_27_29                |    <0.001 |
|         BTB_reg_2880_2943_30_30                |    <0.001 |
|         BTB_reg_2880_2943_31_31                |    <0.001 |
|         BTB_reg_2880_2943_3_5                  |    <0.001 |
|         BTB_reg_2880_2943_6_8                  |    <0.001 |
|         BTB_reg_2880_2943_9_11                 |    <0.001 |
|         BTB_reg_2944_3007_0_2                  |    <0.001 |
|         BTB_reg_2944_3007_12_14                |    <0.001 |
|         BTB_reg_2944_3007_15_17                |    <0.001 |
|         BTB_reg_2944_3007_18_20                |    <0.001 |
|         BTB_reg_2944_3007_21_23                |    <0.001 |
|         BTB_reg_2944_3007_24_26                |    <0.001 |
|         BTB_reg_2944_3007_27_29                |    <0.001 |
|         BTB_reg_2944_3007_30_30                |    <0.001 |
|         BTB_reg_2944_3007_31_31                |    <0.001 |
|         BTB_reg_2944_3007_3_5                  |    <0.001 |
|         BTB_reg_2944_3007_6_8                  |    <0.001 |
|         BTB_reg_2944_3007_9_11                 |    <0.001 |
|         BTB_reg_3008_3071_0_2                  |    <0.001 |
|         BTB_reg_3008_3071_12_14                |    <0.001 |
|         BTB_reg_3008_3071_15_17                |    <0.001 |
|         BTB_reg_3008_3071_18_20                |    <0.001 |
|         BTB_reg_3008_3071_21_23                |    <0.001 |
|         BTB_reg_3008_3071_24_26                |    <0.001 |
|         BTB_reg_3008_3071_27_29                |    <0.001 |
|         BTB_reg_3008_3071_30_30                |    <0.001 |
|         BTB_reg_3008_3071_31_31                |    <0.001 |
|         BTB_reg_3008_3071_3_5                  |    <0.001 |
|         BTB_reg_3008_3071_6_8                  |    <0.001 |
|         BTB_reg_3008_3071_9_11                 |    <0.001 |
|         BTB_reg_3072_3135_0_2                  |    <0.001 |
|         BTB_reg_3072_3135_12_14                |    <0.001 |
|         BTB_reg_3072_3135_15_17                |    <0.001 |
|         BTB_reg_3072_3135_18_20                |    <0.001 |
|         BTB_reg_3072_3135_21_23                |    <0.001 |
|         BTB_reg_3072_3135_24_26                |    <0.001 |
|         BTB_reg_3072_3135_27_29                |    <0.001 |
|         BTB_reg_3072_3135_30_30                |    <0.001 |
|         BTB_reg_3072_3135_31_31                |    <0.001 |
|         BTB_reg_3072_3135_3_5                  |    <0.001 |
|         BTB_reg_3072_3135_6_8                  |    <0.001 |
|         BTB_reg_3072_3135_9_11                 |    <0.001 |
|         BTB_reg_3136_3199_0_2                  |    <0.001 |
|         BTB_reg_3136_3199_12_14                |    <0.001 |
|         BTB_reg_3136_3199_15_17                |    <0.001 |
|         BTB_reg_3136_3199_18_20                |    <0.001 |
|         BTB_reg_3136_3199_21_23                |    <0.001 |
|         BTB_reg_3136_3199_24_26                |    <0.001 |
|         BTB_reg_3136_3199_27_29                |    <0.001 |
|         BTB_reg_3136_3199_30_30                |    <0.001 |
|         BTB_reg_3136_3199_31_31                |    <0.001 |
|         BTB_reg_3136_3199_3_5                  |    <0.001 |
|         BTB_reg_3136_3199_6_8                  |    <0.001 |
|         BTB_reg_3136_3199_9_11                 |    <0.001 |
|         BTB_reg_3200_3263_0_2                  |    <0.001 |
|         BTB_reg_3200_3263_12_14                |    <0.001 |
|         BTB_reg_3200_3263_15_17                |    <0.001 |
|         BTB_reg_3200_3263_18_20                |    <0.001 |
|         BTB_reg_3200_3263_21_23                |    <0.001 |
|         BTB_reg_3200_3263_24_26                |    <0.001 |
|         BTB_reg_3200_3263_27_29                |    <0.001 |
|         BTB_reg_3200_3263_30_30                |    <0.001 |
|         BTB_reg_3200_3263_31_31                |    <0.001 |
|         BTB_reg_3200_3263_3_5                  |    <0.001 |
|         BTB_reg_3200_3263_6_8                  |    <0.001 |
|         BTB_reg_3200_3263_9_11                 |    <0.001 |
|         BTB_reg_320_383_0_2                    |    <0.001 |
|         BTB_reg_320_383_12_14                  |    <0.001 |
|         BTB_reg_320_383_15_17                  |    <0.001 |
|         BTB_reg_320_383_18_20                  |    <0.001 |
|         BTB_reg_320_383_21_23                  |    <0.001 |
|         BTB_reg_320_383_24_26                  |    <0.001 |
|         BTB_reg_320_383_27_29                  |    <0.001 |
|         BTB_reg_320_383_30_30                  |    <0.001 |
|         BTB_reg_320_383_31_31                  |    <0.001 |
|         BTB_reg_320_383_3_5                    |    <0.001 |
|         BTB_reg_320_383_6_8                    |    <0.001 |
|         BTB_reg_320_383_9_11                   |    <0.001 |
|         BTB_reg_3264_3327_0_2                  |    <0.001 |
|         BTB_reg_3264_3327_12_14                |    <0.001 |
|         BTB_reg_3264_3327_15_17                |    <0.001 |
|         BTB_reg_3264_3327_18_20                |    <0.001 |
|         BTB_reg_3264_3327_21_23                |    <0.001 |
|         BTB_reg_3264_3327_24_26                |    <0.001 |
|         BTB_reg_3264_3327_27_29                |    <0.001 |
|         BTB_reg_3264_3327_30_30                |    <0.001 |
|         BTB_reg_3264_3327_31_31                |    <0.001 |
|         BTB_reg_3264_3327_3_5                  |    <0.001 |
|         BTB_reg_3264_3327_6_8                  |    <0.001 |
|         BTB_reg_3264_3327_9_11                 |    <0.001 |
|         BTB_reg_3328_3391_0_2                  |    <0.001 |
|         BTB_reg_3328_3391_12_14                |    <0.001 |
|         BTB_reg_3328_3391_15_17                |    <0.001 |
|         BTB_reg_3328_3391_18_20                |    <0.001 |
|         BTB_reg_3328_3391_21_23                |    <0.001 |
|         BTB_reg_3328_3391_24_26                |    <0.001 |
|         BTB_reg_3328_3391_27_29                |    <0.001 |
|         BTB_reg_3328_3391_30_30                |    <0.001 |
|         BTB_reg_3328_3391_31_31                |    <0.001 |
|         BTB_reg_3328_3391_3_5                  |    <0.001 |
|         BTB_reg_3328_3391_6_8                  |    <0.001 |
|         BTB_reg_3328_3391_9_11                 |    <0.001 |
|         BTB_reg_3392_3455_0_2                  |    <0.001 |
|         BTB_reg_3392_3455_12_14                |    <0.001 |
|         BTB_reg_3392_3455_15_17                |    <0.001 |
|         BTB_reg_3392_3455_18_20                |    <0.001 |
|         BTB_reg_3392_3455_21_23                |    <0.001 |
|         BTB_reg_3392_3455_24_26                |    <0.001 |
|         BTB_reg_3392_3455_27_29                |    <0.001 |
|         BTB_reg_3392_3455_30_30                |    <0.001 |
|         BTB_reg_3392_3455_31_31                |    <0.001 |
|         BTB_reg_3392_3455_3_5                  |    <0.001 |
|         BTB_reg_3392_3455_6_8                  |    <0.001 |
|         BTB_reg_3392_3455_9_11                 |    <0.001 |
|         BTB_reg_3456_3519_0_2                  |    <0.001 |
|         BTB_reg_3456_3519_12_14                |    <0.001 |
|         BTB_reg_3456_3519_15_17                |    <0.001 |
|         BTB_reg_3456_3519_18_20                |    <0.001 |
|         BTB_reg_3456_3519_21_23                |    <0.001 |
|         BTB_reg_3456_3519_24_26                |    <0.001 |
|         BTB_reg_3456_3519_27_29                |    <0.001 |
|         BTB_reg_3456_3519_30_30                |    <0.001 |
|         BTB_reg_3456_3519_31_31                |    <0.001 |
|         BTB_reg_3456_3519_3_5                  |    <0.001 |
|         BTB_reg_3456_3519_6_8                  |    <0.001 |
|         BTB_reg_3456_3519_9_11                 |    <0.001 |
|         BTB_reg_3520_3583_0_2                  |    <0.001 |
|         BTB_reg_3520_3583_12_14                |    <0.001 |
|         BTB_reg_3520_3583_15_17                |    <0.001 |
|         BTB_reg_3520_3583_18_20                |    <0.001 |
|         BTB_reg_3520_3583_21_23                |    <0.001 |
|         BTB_reg_3520_3583_24_26                |    <0.001 |
|         BTB_reg_3520_3583_27_29                |    <0.001 |
|         BTB_reg_3520_3583_30_30                |    <0.001 |
|         BTB_reg_3520_3583_31_31                |    <0.001 |
|         BTB_reg_3520_3583_3_5                  |    <0.001 |
|         BTB_reg_3520_3583_6_8                  |    <0.001 |
|         BTB_reg_3520_3583_9_11                 |    <0.001 |
|         BTB_reg_3584_3647_0_2                  |    <0.001 |
|         BTB_reg_3584_3647_12_14                |    <0.001 |
|         BTB_reg_3584_3647_15_17                |    <0.001 |
|         BTB_reg_3584_3647_18_20                |    <0.001 |
|         BTB_reg_3584_3647_21_23                |    <0.001 |
|         BTB_reg_3584_3647_24_26                |    <0.001 |
|         BTB_reg_3584_3647_27_29                |    <0.001 |
|         BTB_reg_3584_3647_30_30                |    <0.001 |
|         BTB_reg_3584_3647_31_31                |    <0.001 |
|         BTB_reg_3584_3647_3_5                  |    <0.001 |
|         BTB_reg_3584_3647_6_8                  |    <0.001 |
|         BTB_reg_3584_3647_9_11                 |    <0.001 |
|         BTB_reg_3648_3711_0_2                  |    <0.001 |
|         BTB_reg_3648_3711_12_14                |    <0.001 |
|         BTB_reg_3648_3711_15_17                |    <0.001 |
|         BTB_reg_3648_3711_18_20                |    <0.001 |
|         BTB_reg_3648_3711_21_23                |    <0.001 |
|         BTB_reg_3648_3711_24_26                |    <0.001 |
|         BTB_reg_3648_3711_27_29                |    <0.001 |
|         BTB_reg_3648_3711_30_30                |    <0.001 |
|         BTB_reg_3648_3711_31_31                |    <0.001 |
|         BTB_reg_3648_3711_3_5                  |    <0.001 |
|         BTB_reg_3648_3711_6_8                  |    <0.001 |
|         BTB_reg_3648_3711_9_11                 |    <0.001 |
|         BTB_reg_3712_3775_0_2                  |    <0.001 |
|         BTB_reg_3712_3775_12_14                |    <0.001 |
|         BTB_reg_3712_3775_15_17                |    <0.001 |
|         BTB_reg_3712_3775_18_20                |    <0.001 |
|         BTB_reg_3712_3775_21_23                |    <0.001 |
|         BTB_reg_3712_3775_24_26                |    <0.001 |
|         BTB_reg_3712_3775_27_29                |    <0.001 |
|         BTB_reg_3712_3775_30_30                |    <0.001 |
|         BTB_reg_3712_3775_31_31                |    <0.001 |
|         BTB_reg_3712_3775_3_5                  |    <0.001 |
|         BTB_reg_3712_3775_6_8                  |    <0.001 |
|         BTB_reg_3712_3775_9_11                 |    <0.001 |
|         BTB_reg_3776_3839_0_2                  |    <0.001 |
|         BTB_reg_3776_3839_12_14                |    <0.001 |
|         BTB_reg_3776_3839_15_17                |    <0.001 |
|         BTB_reg_3776_3839_18_20                |    <0.001 |
|         BTB_reg_3776_3839_21_23                |    <0.001 |
|         BTB_reg_3776_3839_24_26                |    <0.001 |
|         BTB_reg_3776_3839_27_29                |    <0.001 |
|         BTB_reg_3776_3839_30_30                |    <0.001 |
|         BTB_reg_3776_3839_31_31                |    <0.001 |
|         BTB_reg_3776_3839_3_5                  |    <0.001 |
|         BTB_reg_3776_3839_6_8                  |    <0.001 |
|         BTB_reg_3776_3839_9_11                 |    <0.001 |
|         BTB_reg_3840_3903_0_2                  |    <0.001 |
|         BTB_reg_3840_3903_12_14                |    <0.001 |
|         BTB_reg_3840_3903_15_17                |    <0.001 |
|         BTB_reg_3840_3903_18_20                |    <0.001 |
|         BTB_reg_3840_3903_21_23                |    <0.001 |
|         BTB_reg_3840_3903_24_26                |    <0.001 |
|         BTB_reg_3840_3903_27_29                |    <0.001 |
|         BTB_reg_3840_3903_30_30                |    <0.001 |
|         BTB_reg_3840_3903_31_31                |    <0.001 |
|         BTB_reg_3840_3903_3_5                  |    <0.001 |
|         BTB_reg_3840_3903_6_8                  |    <0.001 |
|         BTB_reg_3840_3903_9_11                 |    <0.001 |
|         BTB_reg_384_447_0_2                    |    <0.001 |
|         BTB_reg_384_447_12_14                  |    <0.001 |
|         BTB_reg_384_447_15_17                  |    <0.001 |
|         BTB_reg_384_447_18_20                  |    <0.001 |
|         BTB_reg_384_447_21_23                  |    <0.001 |
|         BTB_reg_384_447_24_26                  |    <0.001 |
|         BTB_reg_384_447_27_29                  |    <0.001 |
|         BTB_reg_384_447_30_30                  |    <0.001 |
|         BTB_reg_384_447_31_31                  |    <0.001 |
|         BTB_reg_384_447_3_5                    |    <0.001 |
|         BTB_reg_384_447_6_8                    |    <0.001 |
|         BTB_reg_384_447_9_11                   |    <0.001 |
|         BTB_reg_3904_3967_0_2                  |    <0.001 |
|         BTB_reg_3904_3967_12_14                |    <0.001 |
|         BTB_reg_3904_3967_15_17                |    <0.001 |
|         BTB_reg_3904_3967_18_20                |    <0.001 |
|         BTB_reg_3904_3967_21_23                |    <0.001 |
|         BTB_reg_3904_3967_24_26                |    <0.001 |
|         BTB_reg_3904_3967_27_29                |    <0.001 |
|         BTB_reg_3904_3967_30_30                |    <0.001 |
|         BTB_reg_3904_3967_31_31                |    <0.001 |
|         BTB_reg_3904_3967_3_5                  |    <0.001 |
|         BTB_reg_3904_3967_6_8                  |    <0.001 |
|         BTB_reg_3904_3967_9_11                 |    <0.001 |
|         BTB_reg_3968_4031_0_2                  |    <0.001 |
|         BTB_reg_3968_4031_12_14                |    <0.001 |
|         BTB_reg_3968_4031_15_17                |    <0.001 |
|         BTB_reg_3968_4031_18_20                |    <0.001 |
|         BTB_reg_3968_4031_21_23                |    <0.001 |
|         BTB_reg_3968_4031_24_26                |    <0.001 |
|         BTB_reg_3968_4031_27_29                |    <0.001 |
|         BTB_reg_3968_4031_30_30                |    <0.001 |
|         BTB_reg_3968_4031_31_31                |    <0.001 |
|         BTB_reg_3968_4031_3_5                  |    <0.001 |
|         BTB_reg_3968_4031_6_8                  |    <0.001 |
|         BTB_reg_3968_4031_9_11                 |    <0.001 |
|         BTB_reg_4032_4095_0_2                  |    <0.001 |
|         BTB_reg_4032_4095_12_14                |    <0.001 |
|         BTB_reg_4032_4095_15_17                |    <0.001 |
|         BTB_reg_4032_4095_18_20                |    <0.001 |
|         BTB_reg_4032_4095_21_23                |    <0.001 |
|         BTB_reg_4032_4095_24_26                |    <0.001 |
|         BTB_reg_4032_4095_27_29                |    <0.001 |
|         BTB_reg_4032_4095_30_30                |    <0.001 |
|         BTB_reg_4032_4095_31_31                |    <0.001 |
|         BTB_reg_4032_4095_3_5                  |    <0.001 |
|         BTB_reg_4032_4095_6_8                  |    <0.001 |
|         BTB_reg_4032_4095_9_11                 |    <0.001 |
|         BTB_reg_448_511_0_2                    |    <0.001 |
|         BTB_reg_448_511_12_14                  |    <0.001 |
|         BTB_reg_448_511_15_17                  |    <0.001 |
|         BTB_reg_448_511_18_20                  |    <0.001 |
|         BTB_reg_448_511_21_23                  |    <0.001 |
|         BTB_reg_448_511_24_26                  |    <0.001 |
|         BTB_reg_448_511_27_29                  |    <0.001 |
|         BTB_reg_448_511_30_30                  |    <0.001 |
|         BTB_reg_448_511_31_31                  |    <0.001 |
|         BTB_reg_448_511_3_5                    |    <0.001 |
|         BTB_reg_448_511_6_8                    |    <0.001 |
|         BTB_reg_448_511_9_11                   |    <0.001 |
|         BTB_reg_512_575_0_2                    |    <0.001 |
|         BTB_reg_512_575_12_14                  |    <0.001 |
|         BTB_reg_512_575_15_17                  |    <0.001 |
|         BTB_reg_512_575_18_20                  |    <0.001 |
|         BTB_reg_512_575_21_23                  |    <0.001 |
|         BTB_reg_512_575_24_26                  |    <0.001 |
|         BTB_reg_512_575_27_29                  |    <0.001 |
|         BTB_reg_512_575_30_30                  |    <0.001 |
|         BTB_reg_512_575_31_31                  |    <0.001 |
|         BTB_reg_512_575_3_5                    |    <0.001 |
|         BTB_reg_512_575_6_8                    |    <0.001 |
|         BTB_reg_512_575_9_11                   |    <0.001 |
|         BTB_reg_576_639_0_2                    |    <0.001 |
|         BTB_reg_576_639_12_14                  |    <0.001 |
|         BTB_reg_576_639_15_17                  |    <0.001 |
|         BTB_reg_576_639_18_20                  |    <0.001 |
|         BTB_reg_576_639_21_23                  |    <0.001 |
|         BTB_reg_576_639_24_26                  |    <0.001 |
|         BTB_reg_576_639_27_29                  |    <0.001 |
|         BTB_reg_576_639_30_30                  |    <0.001 |
|         BTB_reg_576_639_31_31                  |    <0.001 |
|         BTB_reg_576_639_3_5                    |    <0.001 |
|         BTB_reg_576_639_6_8                    |    <0.001 |
|         BTB_reg_576_639_9_11                   |    <0.001 |
|         BTB_reg_640_703_0_2                    |    <0.001 |
|         BTB_reg_640_703_12_14                  |    <0.001 |
|         BTB_reg_640_703_15_17                  |    <0.001 |
|         BTB_reg_640_703_18_20                  |    <0.001 |
|         BTB_reg_640_703_21_23                  |    <0.001 |
|         BTB_reg_640_703_24_26                  |    <0.001 |
|         BTB_reg_640_703_27_29                  |    <0.001 |
|         BTB_reg_640_703_30_30                  |    <0.001 |
|         BTB_reg_640_703_31_31                  |    <0.001 |
|         BTB_reg_640_703_3_5                    |    <0.001 |
|         BTB_reg_640_703_6_8                    |    <0.001 |
|         BTB_reg_640_703_9_11                   |    <0.001 |
|         BTB_reg_64_127_0_2                     |    <0.001 |
|         BTB_reg_64_127_12_14                   |    <0.001 |
|         BTB_reg_64_127_15_17                   |    <0.001 |
|         BTB_reg_64_127_18_20                   |    <0.001 |
|         BTB_reg_64_127_21_23                   |    <0.001 |
|         BTB_reg_64_127_24_26                   |    <0.001 |
|         BTB_reg_64_127_27_29                   |    <0.001 |
|         BTB_reg_64_127_30_30                   |    <0.001 |
|         BTB_reg_64_127_31_31                   |    <0.001 |
|         BTB_reg_64_127_3_5                     |    <0.001 |
|         BTB_reg_64_127_6_8                     |    <0.001 |
|         BTB_reg_64_127_9_11                    |    <0.001 |
|         BTB_reg_704_767_0_2                    |    <0.001 |
|         BTB_reg_704_767_12_14                  |    <0.001 |
|         BTB_reg_704_767_15_17                  |    <0.001 |
|         BTB_reg_704_767_18_20                  |    <0.001 |
|         BTB_reg_704_767_21_23                  |    <0.001 |
|         BTB_reg_704_767_24_26                  |    <0.001 |
|         BTB_reg_704_767_27_29                  |    <0.001 |
|         BTB_reg_704_767_30_30                  |    <0.001 |
|         BTB_reg_704_767_31_31                  |    <0.001 |
|         BTB_reg_704_767_3_5                    |    <0.001 |
|         BTB_reg_704_767_6_8                    |    <0.001 |
|         BTB_reg_704_767_9_11                   |    <0.001 |
|         BTB_reg_768_831_0_2                    |    <0.001 |
|         BTB_reg_768_831_12_14                  |    <0.001 |
|         BTB_reg_768_831_15_17                  |    <0.001 |
|         BTB_reg_768_831_18_20                  |    <0.001 |
|         BTB_reg_768_831_21_23                  |    <0.001 |
|         BTB_reg_768_831_24_26                  |    <0.001 |
|         BTB_reg_768_831_27_29                  |    <0.001 |
|         BTB_reg_768_831_30_30                  |    <0.001 |
|         BTB_reg_768_831_31_31                  |    <0.001 |
|         BTB_reg_768_831_3_5                    |    <0.001 |
|         BTB_reg_768_831_6_8                    |    <0.001 |
|         BTB_reg_768_831_9_11                   |    <0.001 |
|         BTB_reg_832_895_0_2                    |    <0.001 |
|         BTB_reg_832_895_12_14                  |    <0.001 |
|         BTB_reg_832_895_15_17                  |    <0.001 |
|         BTB_reg_832_895_18_20                  |    <0.001 |
|         BTB_reg_832_895_21_23                  |    <0.001 |
|         BTB_reg_832_895_24_26                  |    <0.001 |
|         BTB_reg_832_895_27_29                  |    <0.001 |
|         BTB_reg_832_895_30_30                  |    <0.001 |
|         BTB_reg_832_895_31_31                  |    <0.001 |
|         BTB_reg_832_895_3_5                    |    <0.001 |
|         BTB_reg_832_895_6_8                    |    <0.001 |
|         BTB_reg_832_895_9_11                   |    <0.001 |
|         BTB_reg_896_959_0_2                    |    <0.001 |
|         BTB_reg_896_959_12_14                  |    <0.001 |
|         BTB_reg_896_959_15_17                  |    <0.001 |
|         BTB_reg_896_959_18_20                  |    <0.001 |
|         BTB_reg_896_959_21_23                  |    <0.001 |
|         BTB_reg_896_959_24_26                  |    <0.001 |
|         BTB_reg_896_959_27_29                  |    <0.001 |
|         BTB_reg_896_959_30_30                  |    <0.001 |
|         BTB_reg_896_959_31_31                  |    <0.001 |
|         BTB_reg_896_959_3_5                    |    <0.001 |
|         BTB_reg_896_959_6_8                    |    <0.001 |
|         BTB_reg_896_959_9_11                   |    <0.001 |
|         BTB_reg_960_1023_0_2                   |    <0.001 |
|         BTB_reg_960_1023_12_14                 |    <0.001 |
|         BTB_reg_960_1023_15_17                 |    <0.001 |
|         BTB_reg_960_1023_18_20                 |    <0.001 |
|         BTB_reg_960_1023_21_23                 |    <0.001 |
|         BTB_reg_960_1023_24_26                 |    <0.001 |
|         BTB_reg_960_1023_27_29                 |    <0.001 |
|         BTB_reg_960_1023_30_30                 |    <0.001 |
|         BTB_reg_960_1023_31_31                 |    <0.001 |
|         BTB_reg_960_1023_3_5                   |    <0.001 |
|         BTB_reg_960_1023_6_8                   |    <0.001 |
|         BTB_reg_960_1023_9_11                  |    <0.001 |
|       control                                  |    <0.001 |
|       csr_regs                                 |    <0.001 |
|       pc_unit                                  |     0.014 |
|       reg32                                    |     0.005 |
|     ram_unit                                   |    <0.001 |
|       U0                                       |    <0.001 |
|         inst_blk_mem_gen                       |    <0.001 |
|           gnbram.gnativebmg.native_blk_mem_gen |    <0.001 |
|             valid.cstr                         |    <0.001 |
|               ramloop[0].ram.r                 |    <0.001 |
|                 prim_init.ram                  |    <0.001 |
|               ramloop[1].ram.r                 |    <0.001 |
|                 prim_init.ram                  |    <0.001 |
|     rom_unit                                   |    <0.001 |
|       U0                                       |    <0.001 |
|         synth_options.dist_mem_inst            |    <0.001 |
|           gen_rom.rom_inst                     |    <0.001 |
|   io_manager_inst                              |     0.004 |
|     bd0                                        |    <0.001 |
|     bdr                                        |    <0.001 |
|     sm                                         |    <0.001 |
+------------------------------------------------+-----------+


